17:25:47 [WARN] 10 textures
17:25:47 [WARN] 10 textures
17:25:47 [WARN] 10 textures
17:25:47 [WARN] Unknown texture type: textures/shared/cubemaps/eyecubemap.dds
17:25:47 [WARN] 10 textures
17:25:47 [WARN] 10 textures
17:25:47 [DEBUG] (2) nif::tests: NifFileV3
Header: NifHeader {
    file_desc: "Gamebryo File Format, Version 20.2.0.7",
    nif_version: 20.2.0.7 [335675399],
    endian_type: Little,
    user_version: 12,
    block_count: 141,
    bethesda_version: 130,
    author: None,
    process_script: None,
    export_script: None,
    max_filepath: Some(
        "g:\_F4\Scratch\Editor1\Data\Meshes\Actors\Deathclaw\Deathclaw.hkt",
    ),
    block_types: [
        "NiNode",
        "BSXFlags",
        "BSBehaviorGraphExtraData",
        "NiControllerManager",
        "NiMultiTargetTransformController",
        "NiControllerSequence",
        "NiFloatInterpolator",
        "NiFloatData",
        "BSLightingShaderPropertyFloatController",
        "NiBlendFloatInterpolator",
        "NiTextKeyExtraData",
        "NiDefaultAVObjectPalette",
        "BSSubIndexTriShape",
        "BSSkin::Instance",
        "BSSkin::BoneData",
        "BSLightingShaderProperty",
        "BSShaderTextureSet",
        "NiAlphaProperty",
        "BSEffectShaderProperty",
    ],
    block_type_index: [
        0,
        1,
        2,
        3,
        4,
        5,
        6,
        7,
        8,
        8,
        9,
        9,
        6,
        7,
        10,
        5,
        6,
        7,
        6,
        7,
        10,
        11,
        0,
        0,
        0,
        0,
        0,
        0,
        0,
        0,
        0,
        0,
        0,
        0,
        0,
        0,
        0,
        0,
        0,
        0,
        0,
        0,
        0,
        0,
        0,
        0,
        0,
        0,
        0,
        0,
        0,
        0,
        0,
        0,
        0,
        0,
        0,
        0,
        0,
        0,
        0,
        0,
        0,
        0,
        0,
        0,
        0,
        0,
        0,
        0,
        0,
        0,
        0,
        0,
        0,
        0,
        0,
        0,
        0,
        0,
        0,
        0,
        0,
        0,
        0,
        0,
        0,
        0,
        0,
        0,
        0,
        0,
        0,
        0,
        0,
        0,
        0,
        0,
        0,
        0,
        12,
        13,
        14,
        15,
        16,
        17,
        12,
        13,
        14,
        15,
        16,
        17,
        12,
        13,
        14,
        15,
        16,
        17,
        12,
        13,
        14,
        15,
        16,
        12,
        13,
        14,
        18,
        17,
        12,
        13,
        14,
        15,
        16,
        12,
        13,
        14,
        15,
        12,
        13,
        14,
        15,
    ],
    block_size_index: [
        428,
        8,
        9,
        43,
        708,
        104,
        8,
        40,
        34,
        34,
        10,
        10,
        8,
        40,
        24,
        104,
        8,
        40,
        8,
        72,
        24,
        1467,
        76,
        76,
        76,
        76,
        76,
        76,
        76,
        76,
        76,
        76,
        76,
        76,
        76,
        76,
        76,
        76,
        76,
        76,
        76,
        76,
        76,
        76,
        76,
        76,
        76,
        76,
        76,
        76,
        76,
        76,
        76,
        76,
        76,
        76,
        76,
        76,
        76,
        76,
        76,
        76,
        76,
        76,
        76,
        76,
        76,
        76,
        76,
        76,
        76,
        76,
        76,
        76,
        76,
        76,
        76,
        76,
        76,
        76,
        76,
        76,
        76,
        76,
        76,
        76,
        76,
        76,
        76,
        76,
        76,
        76,
        76,
        76,
        76,
        76,
        76,
        76,
        76,
        76,
        59743,
        136,
        2044,
        140,
        176,
        15,
        11241,
        68,
        888,
        140,
        143,
        15,
        44855,
        56,
        684,
        140,
        170,
        15,
        2934,
        24,
        140,
        140,
        130,
        498,
        24,
        140,
        104,
        15,
        4854,
        20,
        72,
        140,
        140,
        626949,
        316,
        5104,
        140,
        4218,
        28,
        208,
        140,
    ],
    string_count: 103,
    string_max_size: 56,
    strings: [
        "BASE meshes\Actors\Deathclaw\Deathclaw.nif",
        "BSX",
        "BGED",
        "GenericBehaviors\CharFXAttachBurst\CharFXAttachBurst.hkx",
        "Hots:0",
        "BSLightingShaderProperty",
        "BSLightingShaderPropertyFloatController",
        "22",
        "0",
        "",
        "Start",
        "End",
        "CharFXBurstWait",
        "CharFXBurstA",
        "SpineRoot",
        "Pelvis",
        "HEAD",
        "Jaw",
        "LArmForeArm",
        "LArmHand",
        "LArmIndex1",
        "LArmPinky1",
        "LArmThumb1",
        "LBrow",
        "LCALF",
        "LFOOT",
        "LForearmTwist1",
        "LForearmTwist2",
        "LTHIGH",
        "LUpperarmTwist1",
        "LUpperarmTwist2",
        "Neck01",
        "Nose",
        "RArmForeArm",
        "RArmHand",
        "RArmThumb1",
        "RBrow",
        "RCALF",
        "RFOOT",
        "RForearmTwist1",
        "RForearmTwist2",
        "RTHIGH",
        "RUpperarmTwist1",
        "RUpperarmTwist2",
        "Tail1",
        "LArmClavicle",
        "NeckRoot",
        "NeckSkin",
        "RArmClavicle",
        "Spine02",
        "LArmIndex2",
        "LArmIndex3",
        "LArmMiddle1",
        "LArmMiddle2",
        "LArmMiddle3",
        "LArmPinky2",
        "LArmPinky3",
        "LArmRing1",
        "LArmRing2",
        "LArmRing3",
        "LArmThumb2",
        "LToe1",
        "LToe2",
        "LToe3",
        "LToe4",
        "RArmIndex1",
        "RArmIndex2",
        "RArmIndex3",
        "RArmMiddle1",
        "RArmMiddle2",
        "RArmMiddle3",
        "RArmPinky1",
        "RArmPinky2",
        "RArmPinky3",
        "RArmRing1",
        "RArmRing2",
        "RArmRing3",
        "RArmThumb2",
        "RToe1",
        "RToe2",
        "RToe3",
        "RToe4",
        "Spine01",
        "Tail2",
        "Tail3",
        "Tail4",
        "Tail5",
        "Tail6",
        "Tail7",
        "Tongue01",
        "Tongue02",
        "Tongue03",
        "DeathclawCrippleCaps:0",
        "DeathclawCrippleCaps:1",
        "DeathclawBodyCap:0",
        "Materials\Gore\ExplodedMeatTile.BGSM",
        "template\defaultTemplate_wet.bgsm",
        "MouthDarkener:0",
        "Eyes:0",
        "Materials\actors\Deathclaw\Deathclaw.BGSM",
        "template/CreatureTemplate_Wet.bgsm",
        "DeathclawFX:0",
        "tongue:0",
    ],
    groups: [],
}
Nodes: 79
Skins: 8
Materials: 5
Shapes: 0
SegShapes: 8
17:25:47 [DEBUG] (2) nif::tests: BSShaderTextureSet {
    diffuse: Some(
        "textures/effects/meattile01_d.dds",
    ),
    normal: Some(
        "textures/effects/meattile01_n.dds",
    ),
    glow: Some(
        "textures/effects/meattile01_g.dds",
    ),
    specular: Some(
        "textures/effects/meattile01_s.dds",
    ),
}
17:25:47 [DEBUG] (2) nif::tests: BSShaderTextureSet {
    diffuse: Some(
        "textures/effects/meattile01_d.dds",
    ),
    normal: Some(
        "textures/effects/meattile01_n.dds",
    ),
    glow: None,
    specular: Some(
        "textures/effects/meattile01_s.dds",
    ),
}
17:25:47 [DEBUG] (2) nif::tests: BSShaderTextureSet {
    diffuse: Some(
        "textures/effects/meattile01_d.dds",
    ),
    normal: Some(
        "textures/effects/meattile01_n.dds",
    ),
    glow: Some(
        "textures/effects/meattile01_g.dds",
    ),
    specular: Some(
        "textures/effects/meattile01_s.dds",
    ),
}
17:25:47 [DEBUG] (2) nif::tests: BSShaderTextureSet {
    diffuse: None,
    normal: Some(
        "textures/effects/darkswirlsinverttile_n.dds",
    ),
    glow: None,
    specular: None,
}
17:25:47 [DEBUG] (2) nif::tests: BSShaderTextureSet {
    diffuse: Some(
        "textures/actors/deathclaw/deathclaw_d.dds",
    ),
    normal: Some(
        "textures/actors/deathclaw/deathclaw_n.dds",
    ),
    glow: None,
    specular: Some(
        "textures/actors/deathclaw/deathclaw_s.dds",
    ),
}
